../Core/Src/main.c:92:10:getMicroTime	16	static
../Core/Src/main.c:104:5:main	96	static
../Core/Src/main.c:288:6:SystemClock_Config	96	static
../Core/Src/main.c:337:6:PeriphCommonClock_Config	144	static
../Core/Src/main.c:363:13:MX_ADC1_Init	48	static
../Core/Src/main.c:433:13:MX_ADC2_Init	32	static
../Core/Src/main.c:493:13:MX_ADC3_Init	32	static
../Core/Src/main.c:553:13:MX_TIM2_Init	48	static
../Core/Src/main.c:602:13:MX_TIM3_Init	48	static
../Core/Src/main.c:651:13:MX_USART2_UART_Init	8	static
../Core/Src/main.c:684:13:MX_DMA_Init	16	static
../Core/Src/main.c:702:13:MX_GPIO_Init	48	static
../Core/Src/main.c:762:6:Error_Handler	4	static,ignoring_inline_asm
